[Thu May  7 02:15:01 PM CST 2026] 开始执行不强赎双策略...
[2026-05-07 14:15] B型不强赎博弈策略开始...
  全量: 338 只
  命中: 帝欧转债(127047) (13, 15) 溢价:-0.12%
  命中: 翔丰转债(123225) (8, 15) 溢价:0.36%
  命中: 瑞丰转债(123126) (13, 15) 溢价:0.37%
  命中: 星球转债(118041) (6, 15) 溢价:0.52%
  命中: 华特转债(118033) (9, 15) 溢价:1.49%
  命中: 严牌转债(123243) (1, 15) 溢价:1.53%
  最终: 6 只，取前2

============================================================
## B型不强赎博弈策略
**执行时间:** 2026-05-07 14:15
**策略逻辑:** X/Y强赎计数 + 溢价<2% + 正股超触发价

## 两债对比
| 维度 | 帝欧转债 | 瑞丰转债 |
|---|---|---|
| 风险等级 | 13/15 | 13/15 |
| 现价 | 148.84元 | 164.0元 |
| 溢价率 | -0.12% | 0.37% |
| 正股超触发 | 14.6% | 25.7% |
| 剩余规模 | 4.83亿 🟡 | 3.12亿 🟡 |
| 剩余年限 | 1.47年 🔴 | 1.34年 🔴 |
| 已转股比例 | 67.81% | 8.29% 🔴极低 |
| 股东配售率 | 49.88% | 63.67% 🟡 |
| 正股ROE | -33.310% 🔴 | 2.660% ✅ |
| 主体评级 | A- 🔴 | A 🔴 |
| ST/退市风险 | 🟡评级差 | ✅无异常 |
| 博弈价值 | ⭐⭐ | ⭐⭐⭐ |

**博弈逻辑:**
- **帝欧转债:** 计数13/15，随时可能公告→停牌风险高；若宣布不强赎→溢价修复空间大（风险:接近触发/负溢价/ROE亏）
- **瑞丰转债:** 计数13/15，随时可能公告→停牌风险高；若宣布不强赎→溢价修复空间大（风险:接近触发）


[DingTalk] {'errcode': 0, 'errmsg': 'ok'}
[Thu May  7 02:15:06 PM CST 2026] 执行完成
