[Wed Apr 22 11:48:21 AM CST 2026] 开始执行不强赎双策略...
[2026-04-22 11:48] B型不强赎博弈策略开始...
  全量: 343 只
  命中: 盈峰转债(127024) (8, 15) 溢价:-0.31%
  命中: 华兴转债(118003) (14, 15) 溢价:1.5%
  命中: 超达转债(123187) (8, 15) 溢价:1.96%
  最终: 3 只

============================================================
## B型不强赎博弈策略
**执行时间:** 2026-04-22 11:48
**策略逻辑:** X/Y强赎计数 + 溢价<2% + 正股超触发价

## 两债对比
| 维度 | 华兴转债 | 盈峰转债 |
|---|---|---|
| 风险等级 | 14/15 🔴极高风险 | 8/15 |
| 现价 | 180.09元 | 169.62元 |
| 溢价率 | 1.5% | -0.31% |
| 正股超触发 | 36.5% | 30.9% |
| 剩余规模 | 6.27亿 🟡 | 9.8亿 |
| 剩余年限 | 1.61年 🔴 | 0.54年 🔴 |
| 已转股比例 | 21.61% 🔴极低 | 33.63% 🟡 |
| 股东配售率 | 71.03% 🟡 | 63.71% 🟡 |
| 正股ROE | -13.640% 🔴 | 2.940% ✅ |
| 主体评级 | AA ✅ | AA+ 🔴 |
| 博弈价值 | ⭐⭐⭐ | ⭐⭐⭐⭐ |

**博弈逻辑:**
- **华兴转债:** 计数14/15，随时可能公告→停牌风险高；若宣布不强赎→溢价修复空间大
- **盈峰转债:** 正股超触发30.9%，股东配售率63.71%，大股东有充足动力拉升+不强赎


[DingTalk] {'errcode': 0, 'errmsg': 'ok'}
[Wed Apr 22 11:48:24 AM CST 2026] 执行完成
[Wed Apr 22 11:48:32 AM CST 2026] 开始执行不强赎双策略...
[2026-04-22 11:48] B型不强赎博弈策略开始...
  全量: 343 只
  命中: 盈峰转债(127024) (8, 15) 溢价:-0.31%
  命中: 华兴转债(118003) (14, 15) 溢价:1.5%
  命中: 超达转债(123187) (8, 15) 溢价:1.96%
  最终: 3 只

============================================================
## B型不强赎博弈策略
**执行时间:** 2026-04-22 11:48
**策略逻辑:** X/Y强赎计数 + 溢价<2% + 正股超触发价

## 两债对比
| 维度 | 华兴转债 | 盈峰转债 |
|---|---|---|
| 风险等级 | 14/15 🔴极高风险 | 8/15 |
| 现价 | 180.09元 | 169.62元 |
| 溢价率 | 1.5% | -0.31% |
| 正股超触发 | 36.5% | 30.9% |
| 剩余规模 | 6.27亿 🟡 | 9.8亿 |
| 剩余年限 | 1.61年 🔴 | 0.54年 🔴 |
| 已转股比例 | 21.61% 🔴极低 | 33.63% 🟡 |
| 股东配售率 | 71.03% 🟡 | 63.71% 🟡 |
| 正股ROE | -13.640% 🔴 | 2.940% ✅ |
| 主体评级 | AA ✅ | AA+ 🔴 |
| 博弈价值 | ⭐⭐⭐ | ⭐⭐⭐⭐ |

**博弈逻辑:**
- **华兴转债:** 计数14/15，随时可能公告→停牌风险高；若宣布不强赎→溢价修复空间大
- **盈峰转债:** 正股超触发30.9%，股东配售率63.71%，大股东有充足动力拉升+不强赎


[DingTalk] {'errcode': 0, 'errmsg': 'ok'}
[Wed Apr 22 11:48:35 AM CST 2026] 执行完成
