[Wed Apr 29 08:00:01 AM CST 2026] 开始执行不强赎双策略...
[2026-04-29 08:00] B型不强赎博弈策略开始...
  全量: 340 只
  命中: 瑞丰转债(123126) (11, 15) 溢价:-1.07%
  命中: 超达转债(123187) (13, 15) 溢价:-0.29%
  命中: 华特转债(118033) (6, 15) 溢价:1.14%
  最终: 3 只

============================================================
## B型不强赎博弈策略
**执行时间:** 2026-04-29 08:00
**策略逻辑:** X/Y强赎计数 + 溢价<2% + 正股超触发价

## 两债对比
| 维度 | 超达转债 | 瑞丰转债 |
|---|---|---|
| 风险等级 | 13/15 | 11/15 |
| 现价 | 203.5元 | 167.6元 |
| 溢价率 | -0.29% | -1.07% |
| 正股超触发 | 57.0% | 30.3% |
| 剩余规模 | 2.27亿 ✅ | 3.32亿 🟡 |
| 剩余年限 | 2.94年 ⚠️ | 1.37年 🔴 |
| 已转股比例 | 51.54% 🟡 | 2.26% 🔴极低 |
| 股东配售率 | 89.64% 🔴极高 | 63.67% 🟡 |
| 正股ROE | 8.630% ✅ | 2.660% ✅ |
| 主体评级 | A 🔴 | A 🔴 |
| 博弈价值 | ⭐⭐⭐⭐ | ⭐⭐⭐ |

**博弈逻辑:**
- **超达转债:** 计数13/15，随时可能公告→停牌风险高；若宣布不强赎→溢价修复空间大
- **瑞丰转债:** 正股超触发30.3%，股东配售率63.67%，大股东有充足动力拉升+不强赎


[DingTalk] {'errcode': 0, 'errmsg': 'ok'}
[Wed Apr 29 08:00:04 AM CST 2026] 执行完成
