[Fri May  8 09:45:01 AM CST 2026] 开始执行不强赎双策略...
[2026-05-08 09:45] B型不强赎博弈策略开始...
  全量: 336 只
  命中: 帝欧转债(127047) (14, 15) 溢价:0.12%
  命中: 瑞丰转债(123126) (14, 15) 溢价:0.49%
  命中: 翔丰转债(123225) (9, 15) 溢价:0.85%
  命中: 严牌转债(123243) (2, 15) 溢价:1.36%
  最终: 4 只，取前2

============================================================
## B型不强赎博弈策略
**执行时间:** 2026-05-08 09:45
**策略逻辑:** X/Y强赎计数 + 溢价<2% + 正股超触发价

## 两债对比
| 维度 | 帝欧转债 | 瑞丰转债 |
|---|---|---|
| 风险等级 | 14/15 🔴极高风险 | 14/15 |
| 现价 | 154.1元 | 162.66元 |
| 溢价率 | 0.12% | 0.49% |
| 正股超触发 | 18.4% | 24.5% |
| 剩余规模 | 4.7亿 🟡 | 3.1亿 🟡 |
| 剩余年限 | 1.47年 🔴 | 1.34年 🔴 |
| 已转股比例 | 68.69% | 8.82% 🔴极低 |
| 股东配售率 | 49.88% | 63.67% 🟡 |
| 正股ROE | -33.310% 🔴 | 2.660% ✅ |
| 主体评级 | A- 🔴 | A 🔴 |
| ST/退市风险 | 🟡评级差 | ✅无异常 |
| 博弈价值 | ⭐⭐ | ⭐⭐⭐ |

**博弈逻辑:**
- **帝欧转债:** 计数14/15，随时可能公告→停牌风险高；若宣布不强赎→溢价修复空间大（风险:接近触发/ROE亏）
- **瑞丰转债:** 计数14/15，随时可能公告→停牌风险高；若宣布不强赎→溢价修复空间大（风险:接近触发）


[DingTalk] {'errcode': 0, 'errmsg': 'ok'}
[Fri May  8 09:45:12 AM CST 2026] 执行完成
