[Fri Apr 24 08:00:01 AM CST 2026] 开始执行不强赎双策略...
[2026-04-24 08:00] B型不强赎博弈策略开始...
  全量: 342 只
  命中: 超达转债(123187) (10, 15) 溢价:-0.07%
  命中: 翔丰转债(123225) (2, 15) 溢价:0.07%
  命中: 瑞丰转债(123126) (10, 15) 溢价:0.54%
  命中: 华特转债(118033) (3, 15) 溢价:1.51%
  命中: 盈峰转债(127024) (10, 15) 溢价:1.73%
  最终: 5 只

============================================================
## B型不强赎博弈策略
**执行时间:** 2026-04-24 08:00
**策略逻辑:** X/Y强赎计数 + 溢价<2% + 正股超触发价

## 两债对比
| 维度 | 超达转债 | 瑞丰转债 |
|---|---|---|
| 风险等级 | 10/15 | 10/15 |
| 现价 | 237.99元 | 151.85元 |
| 溢价率 | -0.07% | 0.54% |
| 正股超触发 | 83.2% | 16.2% |
| 剩余规模 | 2.57亿 ✅ | 3.33亿 🟡 |
| 剩余年限 | 2.95年 ⚠️ | 1.38年 🔴 |
| 已转股比例 | 45.14% 🟡 | 2.18% 🔴极低 |
| 股东配售率 | 89.64% 🔴极高 | 63.67% 🟡 |
| 正股ROE | 7.520% ✅ | 2.660% ✅ |
| 主体评级 | A 🔴 | A 🔴 |
| 博弈价值 | ⭐⭐⭐⭐ | ⭐⭐⭐ |

**博弈逻辑:**
- **超达转债:** 正股超触发83.2%，股东配售率89.64%，大股东有充足动力拉升+不强赎
- **瑞丰转债:** 正股超触发16.2%，股东配售率63.67%，大股东有充足动力拉升+不强赎


[DingTalk] {'errcode': 0, 'errmsg': 'ok'}
[Fri Apr 24 08:00:05 AM CST 2026] 执行完成
