[Wed Apr 22 08:00:01 AM CST 2026] 开始执行不强赎双策略...
[2026-04-22 08:00] B型不强赎博弈策略开始...
  全量: 343 只
  命中: 超达转债(123187) (8, 15) 溢价:-2.2%
  命中: 华兴转债(118003) (14, 15) 溢价:1.45%
  最终: 2 只

============================================================
## B型不强赎博弈策略
**执行时间:** 2026-04-22 08:00
**策略逻辑:** X/Y强赎计数 + 溢价<2% + 正股超触发价

## 两债对比
| 维度 | 华兴转债 | 超达转债 |
|---|---|---|
| 风险等级 | 14/15 🔴极高风险 | 8/15 |
| 现价 | 170.78元 | 246.07元 |
| 溢价率 | 1.45% | -2.2% |
| 正股超触发 | 29.5% | 93.5% |
| 剩余规模 | 6.27亿 🟡 | 2.65亿 ✅ |
| 剩余年限 | 1.61年 🔴 | 2.96年 ⚠️ |
| 已转股比例 | 21.61% 🔴极低 | 43.41% 🟡 |
| 股东配售率 | 71.03% 🟡 | 89.64% 🔴极高 |
| 正股ROE | -13.640% 🔴 | 7.520% ✅ |
| 主体评级 | AA ✅ | A 🔴 |
| 博弈价值 | ⭐⭐⭐ | ⭐⭐⭐⭐⭐ |

**博弈逻辑:**
- **华兴转债:** 计数14/15，随时可能公告→停牌风险高；若宣布不强赎→溢价修复空间大
- **超达转债:** 正股超触发93.5%，股东配售率89.64%，大股东有充足动力拉升+不强赎


[DingTalk] {'errcode': 0, 'errmsg': 'ok'}
[Wed Apr 22 08:00:05 AM CST 2026] 执行完成
