[Sat Apr 25 10:00:01 PM CST 2026] 开始执行不强赎双策略...
[2026-04-25 22:00] B型不强赎博弈策略开始...
  全量: 341 只
  命中: 盈峰转债(127024) (11, 15) 溢价:-1.09%
  命中: 超达转债(123187) (11, 15) 溢价:-0.42%
  命中: 华特转债(118033) (4, 15) 溢价:-0.33%
  命中: 博瑞转债(118004) (14, 15) 溢价:1.93%
  命中: 翔丰转债(123225) (3, 15) 溢价:1.95%
  最终: 5 只

============================================================
## B型不强赎博弈策略
**执行时间:** 2026-04-25 22:00
**策略逻辑:** X/Y强赎计数 + 溢价<2% + 正股超触发价

## 两债对比
| 维度 | 博瑞转债 | 盈峰转债 |
|---|---|---|
| 风险等级 | 14/15 🔴极高风险 | 11/15 |
| 现价 | 176.01元 | 167.0元 |
| 溢价率 | 1.93% | -1.09% |
| 正股超触发 | 32.8% | 29.9% |
| 剩余规模 | 4.43亿 🟡 | 9.49亿 |
| 剩余年限 | 1.7年 🔴 | 0.53年 🔴 |
| 已转股比例 | 4.82% 🔴极低 | 35.72% 🟡 |
| 股东配售率 | 55.74% 🟡 | 63.71% 🟡 |
| 正股ROE | 2.170% ✅ | 2.940% ✅ |
| 主体评级 | AA- 🔴 | AA+ 🔴 |
| 博弈价值 | ⭐⭐⭐ | ⭐⭐⭐ |

**博弈逻辑:**
- **博瑞转债:** 计数14/15，随时可能公告→停牌风险高；若宣布不强赎→溢价修复空间大
- **盈峰转债:** 正股超触发29.9%，股东配售率63.71%，大股东有充足动力拉升+不强赎


[DingTalk] {'errcode': 0, 'errmsg': 'ok'}
[Sat Apr 25 10:00:04 PM CST 2026] 执行完成
