[Wed May  6 09:30:01 AM CST 2026] 开始执行不强赎双策略...
[2026-05-06 09:30] B型不强赎博弈策略开始...
  全量: 338 只
  命中: 帝欧转债(127047) (12, 15) 溢价:-0.89%
  命中: 星球转债(118041) (5, 15) 溢价:0.36%
  命中: 华特转债(118033) (8, 15) 溢价:0.95%
  命中: 翔丰转债(123225) (7, 15) 溢价:1.12%
  命中: 瑞丰转债(123126) (12, 15) 溢价:1.54%
  最终: 5 只

============================================================
## B型不强赎博弈策略
**执行时间:** 2026-05-06 09:30
**策略逻辑:** X/Y强赎计数 + 溢价<2% + 正股超触发价

## 两债对比
| 维度 | 帝欧转债 | 瑞丰转债 |
|---|---|---|
| 风险等级 | 12/15 | 12/15 |
| 现价 | 154.1元 | 151.0元 |
| 溢价率 | -0.89% | 1.54% |
| 正股超触发 | 19.6% | 14.4% |
| 剩余规模 | 4.97亿 🟡 | 3.12亿 🟡 |
| 剩余年限 | 1.47年 🔴 | 1.35年 🔴 |
| 已转股比例 | 66.89% | 8.29% 🔴极低 |
| 股东配售率 | 49.88% | 63.67% 🟡 |
| 正股ROE | -33.310% 🔴 | 2.660% ✅ |
| 主体评级 | A- 🔴 | A 🔴 |
| 博弈价值 | ⭐⭐ | ⭐⭐⭐ |

**博弈逻辑:**
- **帝欧转债:** 正股超触发19.6%，股东配售率49.88%，大股东有充足动力拉升+不强赎
- **瑞丰转债:** 正股超触发14.4%，股东配售率63.67%，大股东有充足动力拉升+不强赎


[DingTalk] {'errcode': 0, 'errmsg': 'ok'}
[Wed May  6 09:30:14 AM CST 2026] 执行完成
