[Mon Apr 27 02:00:01 PM CST 2026] 开始执行不强赎双策略...
[2026-04-27 14:00] B型不强赎博弈策略开始...
  全量: 341 只
  命中: 超达转债(123187) (11, 15) 溢价:-0.21%
  命中: 盈峰转债(127024) (11, 15) 溢价:0.15%
  命中: 华特转债(118033) (4, 15) 溢价:0.3%
  最终: 3 只

============================================================
## B型不强赎博弈策略
**执行时间:** 2026-04-27 14:00
**策略逻辑:** X/Y强赎计数 + 溢价<2% + 正股超触发价

## 两债对比
| 维度 | 超达转债 | 盈峰转债 |
|---|---|---|
| 风险等级 | 11/15 | 11/15 |
| 现价 | 209.99元 | 168.44元 |
| 溢价率 | -0.21% | 0.15% |
| 正股超触发 | 61.9% | 29.4% |
| 剩余规模 | 2.28亿 ✅ | 9.05亿 |
| 剩余年限 | 2.94年 ⚠️ | 0.52年 🔴 |
| 已转股比例 | 51.36% 🟡 | 38.7% 🟡 |
| 股东配售率 | 89.64% 🔴极高 | 63.71% 🟡 |
| 正股ROE | 8.630% ✅ | 2.940% ✅ |
| 主体评级 | A 🔴 | AA+ 🔴 |
| 博弈价值 | ⭐⭐⭐⭐ | ⭐⭐⭐ |

**博弈逻辑:**
- **超达转债:** 正股超触发61.9%，股东配售率89.64%，大股东有充足动力拉升+不强赎
- **盈峰转债:** 正股超触发29.4%，股东配售率63.71%，大股东有充足动力拉升+不强赎


[DingTalk] {'errcode': 0, 'errmsg': 'ok'}
[Mon Apr 27 02:00:14 PM CST 2026] 执行完成
