[Thu Apr 23 10:30:01 AM CST 2026] 开始执行不强赎双策略...
[2026-04-23 10:30] B型不强赎博弈策略开始...
  全量: 342 只
  命中: 翔丰转债(123225) (1, 15) 溢价:0.2%
  命中: 盈峰转债(127024) (9, 15) 溢价:0.31%
  命中: 瑞丰转债(123126) (9, 15) 溢价:0.6%
  命中: 超达转债(123187) (9, 15) 溢价:1.17%
  最终: 4 只

============================================================
## B型不强赎博弈策略
**执行时间:** 2026-04-23 10:30
**策略逻辑:** X/Y强赎计数 + 溢价<2% + 正股超触发价

## 两债对比
| 维度 | 盈峰转债 | 瑞丰转债 |
|---|---|---|
| 风险等级 | 9/15 | 9/15 |
| 现价 | 178.91元 | 151.16元 |
| 溢价率 | 0.31% | 0.6% |
| 正股超触发 | 37.2% | 15.6% |
| 剩余规模 | 9.49亿 | 3.33亿 🟡 |
| 剩余年限 | 0.53年 🔴 | 1.38年 🔴 |
| 已转股比例 | 35.72% 🟡 | 2.18% 🔴极低 |
| 股东配售率 | 63.71% 🟡 | 63.67% 🟡 |
| 正股ROE | 2.940% ✅ | 2.660% ✅ |
| 主体评级 | AA+ 🔴 | A 🔴 |
| 博弈价值 | ⭐⭐⭐⭐ | ⭐⭐⭐⭐ |

**博弈逻辑:**
- **盈峰转债:** 正股超触发37.2%，股东配售率63.71%，大股东有充足动力拉升+不强赎
- **瑞丰转债:** 正股超触发15.6%，股东配售率63.67%，大股东有充足动力拉升+不强赎


[DingTalk] {'errcode': 0, 'errmsg': 'ok'}
[Thu Apr 23 10:30:19 AM CST 2026] 执行完成
