[Tue May  5 02:00:01 PM CST 2026] 开始执行不强赎双策略...
[2026-05-05 14:00] B型不强赎博弈策略开始...
  全量: 338 只
  命中: 盈峰转债(127024) (15, 15) 溢价:-1.93%
  命中: 帝欧转债(127047) (12, 15) 溢价:-1.22%
  命中: 瑞丰转债(123126) (12, 15) 溢价:-0.43%
  命中: 星球转债(118041) (5, 15) 溢价:-0.15%
  命中: 华特转债(118033) (8, 15) 溢价:0.74%
  命中: 翔丰转债(123225) (7, 15) 溢价:1.49%
  最终: 6 只

============================================================
## B型不强赎博弈策略
**执行时间:** 2026-05-05 14:00
**策略逻辑:** X/Y强赎计数 + 溢价<2% + 正股超触发价

## 两债对比
| 维度 | 盈峰转债 | 帝欧转债 |
|---|---|---|
| 风险等级 | 15/15 🔴极高风险 | 12/15 |
| 现价 | 173.5元 | 153.6元 |
| 溢价率 | -1.93% | -1.22% |
| 正股超触发 | 36.1% | 19.6% |
| 剩余规模 | 9.03亿 | 5.3亿 🟡 |
| 剩余年限 | 0.52年 🔴 | 1.49年 🔴 |
| 已转股比例 | 38.84% 🟡 | 64.69% |
| 股东配售率 | 63.71% 🟡 | 49.88% |
| 正股ROE | 3.160% ✅ | -33.310% 🔴 |
| 主体评级 | AA+ 🔴 | A- 🔴 |
| 博弈价值 | ⭐⭐⭐ | ⭐⭐ |

**博弈逻辑:**
- **盈峰转债:** 计数15/15，随时可能公告→停牌风险高；若宣布不强赎→溢价修复空间大
- **帝欧转债:** 正股超触发19.6%，股东配售率49.88%，大股东有充足动力拉升+不强赎


[DingTalk] {'errcode': 0, 'errmsg': 'ok'}
[Tue May  5 02:00:05 PM CST 2026] 执行完成
