[Fri May  8 02:15:01 PM CST 2026] 开始执行不强赎双策略...
[2026-05-08 14:15] B型不强赎博弈策略开始...
  全量: 336 只
  命中: 瑞丰转债(123126) (14, 15) 溢价:-0.16%
  命中: 华特转债(118033) (10, 15) 溢价:0.29%
  命中: 翔丰转债(123225) (9, 15) 溢价:0.66%
  命中: 星球转债(118041) (7, 15) 溢价:0.77%
  命中: 严牌转债(123243) (2, 15) 溢价:1.18%
  命中: 帝欧转债(127047) (14, 15) 溢价:1.88%
  最终: 6 只，取前2

============================================================
## B型不强赎博弈策略
**执行时间:** 2026-05-08 14:15
**策略逻辑:** X/Y强赎计数 + 溢价<2% + 正股超触发价

## 两债对比
| 维度 | 瑞丰转债 | 帝欧转债 |
|---|---|---|
| 风险等级 | 14/15 🔴极高风险 | 14/15 |
| 现价 | 158.0元 | 168.6元 |
| 溢价率 | -0.16% | 1.88% |
| 正股超触发 | 21.7% | 27.3% |
| 剩余规模 | 3.1亿 🟡 | 4.7亿 🟡 |
| 剩余年限 | 1.34年 🔴 | 1.47年 🔴 |
| 已转股比例 | 8.82% 🔴极低 | 68.69% |
| 股东配售率 | 63.67% 🟡 | 49.88% |
| 正股ROE | 2.660% ✅ | -33.310% 🔴 |
| 主体评级 | A 🔴 | A- 🔴 |
| ST/退市风险 | ✅无异常 | 🟡评级差 |
| 博弈价值 | ⭐⭐⭐ | ⭐⭐ |

**博弈逻辑:**
- **瑞丰转债:** 计数14/15，随时可能公告→停牌风险高；若宣布不强赎→溢价修复空间大（风险:接近触发/负溢价）
- **帝欧转债:** 计数14/15，随时可能公告→停牌风险高；若宣布不强赎→溢价修复空间大（风险:接近触发/ROE亏）


[DingTalk] {'errcode': 0, 'errmsg': 'ok'}
[Fri May  8 02:15:10 PM CST 2026] 执行完成
