[Thu Apr 30 09:30:01 AM CST 2026] 开始执行不强赎双策略...
[2026-04-30 09:30] B型不强赎博弈策略开始...
  全量: 339 只
  命中: 盈峰转债(127024) (14, 15) 溢价:-0.66%
  命中: 瑞丰转债(123126) (11, 15) 溢价:-0.34%
  命中: 帝欧转债(127047) (11, 15) 溢价:-0.24%
  命中: 华特转债(118033) (7, 15) 溢价:1.66%
  最终: 4 只

============================================================
## B型不强赎博弈策略
**执行时间:** 2026-04-30 09:30
**策略逻辑:** X/Y强赎计数 + 溢价<2% + 正股超触发价

## 两债对比
| 维度 | 盈峰转债 | 瑞丰转债 |
|---|---|---|
| 风险等级 | 14/15 🔴极高风险 | 11/15 |
| 现价 | 184.3元 | 159.67元 |
| 溢价率 | -0.66% | -0.34% |
| 正股超触发 | 42.7% | 23.2% |
| 剩余规模 | 9.03亿 | 3.15亿 🟡 |
| 剩余年限 | 0.52年 🔴 | 1.36年 🔴 |
| 已转股比例 | 38.84% 🟡 | 7.44% 🔴极低 |
| 股东配售率 | 63.71% 🟡 | 63.67% 🟡 |
| 正股ROE | 3.160% ✅ | 2.660% ✅ |
| 主体评级 | AA+ 🔴 | A 🔴 |
| 博弈价值 | ⭐⭐⭐ | ⭐⭐⭐ |

**博弈逻辑:**
- **盈峰转债:** 计数14/15，随时可能公告→停牌风险高；若宣布不强赎→溢价修复空间大
- **瑞丰转债:** 正股超触发23.2%，股东配售率63.67%，大股东有充足动力拉升+不强赎


[DingTalk] {'errcode': 0, 'errmsg': 'ok'}
[Thu Apr 30 09:30:12 AM CST 2026] 执行完成
