[Fri May  1 01:00:01 PM CST 2026] 开始执行不强赎双策略...
[2026-05-01 13:00] B型不强赎博弈策略开始...
  全量: 339 只
  命中: 盈峰转债(127024) (15, 15) 溢价:-1.93%
  命中: 帝欧转债(127047) (12, 15) 溢价:-1.22%
  命中: 瑞丰转债(123126) (12, 15) 溢价:-0.43%
  命中: 星球转债(118041) (5, 15) 溢价:-0.15%
  命中: 华特转债(118033) (8, 15) 溢价:0.74%
  命中: 翔丰转债(123225) (7, 15) 溢价:1.49%
  命中: 超达转债(123187) (15, 15) 溢价:1.9%
  最终: 7 只

============================================================
## B型不强赎博弈策略
**执行时间:** 2026-05-01 13:00
**策略逻辑:** X/Y强赎计数 + 溢价<2% + 正股超触发价

## 两债对比
| 维度 | 盈峰转债 | 超达转债 |
|---|---|---|
| 风险等级 | 15/15 🔴极高风险 | 15/15 |
| 现价 | 173.5元 | 218.6元 |
| 溢价率 | -1.93% | 1.9% |
| 正股超触发 | 36.1% | 65.0% |
| 剩余规模 | 9.03亿 | 2.24亿 ✅ |
| 剩余年限 | 0.52年 🔴 | 2.93年 ⚠️ |
| 已转股比例 | 38.84% 🟡 | 52.2% 🟡 |
| 股东配售率 | 63.71% 🟡 | 89.64% 🔴极高 |
| 正股ROE | 3.160% ✅ | 8.630% ✅ |
| 主体评级 | AA+ 🔴 | A 🔴 |
| 博弈价值 | ⭐⭐⭐ | ⭐⭐⭐⭐ |

**博弈逻辑:**
- **盈峰转债:** 计数15/15，随时可能公告→停牌风险高；若宣布不强赎→溢价修复空间大
- **超达转债:** 计数15/15，随时可能公告→停牌风险高；若宣布不强赎→溢价修复空间大


[DingTalk] {'errcode': 0, 'errmsg': 'ok'}
[Fri May  1 01:00:04 PM CST 2026] 执行完成
