[Fri May  8 01:15:01 PM CST 2026] 开始执行不强赎双策略...
[2026-05-08 13:15] B型不强赎博弈策略开始...
  全量: 336 只
  命中: 瑞丰转债(123126) (14, 15) 溢价:-0.56%
  命中: 华特转债(118033) (10, 15) 溢价:-0.07%
  命中: 翔丰转债(123225) (9, 15) 溢价:0.56%
  命中: 星球转债(118041) (7, 15) 溢价:0.8%
  命中: 严牌转债(123243) (2, 15) 溢价:1.76%
  最终: 5 只，取前2

============================================================
## B型不强赎博弈策略
**执行时间:** 2026-05-08 13:15
**策略逻辑:** X/Y强赎计数 + 溢价<2% + 正股超触发价

## 两债对比
| 维度 | 瑞丰转债 | 华特转债 |
|---|---|---|
| 风险等级 | 14/15 🔴极高风险 | 10/15 |
| 现价 | 156.68元 | 201.9元 |
| 溢价率 | -0.56% | -0.07% |
| 正股超触发 | 21.2% | 55.4% |
| 剩余规模 | 3.1亿 🟡 | 5.99亿 🟡 |
| 剩余年限 | 1.34年 🔴 | 2.87年 ⚠️ |
| 已转股比例 | 8.82% 🔴极低 | 7.32% 🔴极低 |
| 股东配售率 | 63.67% 🟡 | 16.94% |
| 正股ROE | 2.660% ✅ | 6.810% ✅ |
| 主体评级 | A 🔴 | AA- 🔴 |
| ST/退市风险 | ✅无异常 | ✅无异常 |
| 博弈价值 | ⭐⭐⭐ | ⭐⭐⭐⭐ |

**博弈逻辑:**
- **瑞丰转债:** 计数14/15，随时可能公告→停牌风险高；若宣布不强赎→溢价修复空间大（风险:接近触发/负溢价）
- **华特转债:** 正股超触发55.4%，股东配售率16.94%，大股东有充足动力拉升+不强赎（风险:负溢价）


[DingTalk] {'errcode': 0, 'errmsg': 'ok'}
[Fri May  8 01:15:11 PM CST 2026] 执行完成
