[Mon May  4 03:00:01 AM CST 2026] 开始执行可转债策略
[2026-05-04 03:00] 可转债策略开始执行...
  上周: 2026-04-27 ~ 2026-05-03
  上上周: 2026-04-20 ~ 2026-04-26
  全量转债: 338 只
  第一层粗筛: 23 只
    盈峰转债（127024）价格:173.5 溢价:-1.9% 规模:9.028亿
    帝欧转债（127047）价格:153.6 溢价:-1.2% 规模:5.296亿
    万顺转2（123085）价格:193.55 溢价:-1.1% 规模:1.83亿
    博瑞转债（118004）价格:180.46 溢价:-0.7% 规模:2.98亿
    家联转债（123236）价格:175.5 溢价:-0.5% 规模:2.077亿
    瑞丰转债（123126）价格:150.9 溢价:-0.4% 规模:3.147亿
    华兴转债（118003）价格:201.16 溢价:-0.3% 规模:3.778亿
    恒帅转债（123256）价格:195.11 溢价:-0.3% 规模:1.156亿
    星球转债（118041）价格:156.2 溢价:-0.1% 规模:6.198亿
    华特转债（118033）价格:229.23 溢价:0.7% 规模:6.042亿
    翔丰转债（123225）价格:150.17 溢价:1.5% 规模:5.671亿
    超达转债（123187）价格:218.6 溢价:1.9% 规模:2.242亿
    严牌转债（123243）价格:223.03 溢价:2.0% 规模:3.041亿
    冠中转债（123207）价格:206.57 溢价:3.7% 规模:1.83亿
    洁美转债（128137）价格:201.66 溢价:4.6% 规模:5.909亿
    洪城转债（110077）价格:220.56 溢价:4.7% 规模:6.685亿
    水羊转债（123188）价格:200.5 溢价:5.8% 规模:6.422亿
    利柏转债（111023）价格:153.52 溢价:6.6% 规模:7.496亿
    电化转债（127109）价格:166.3 溢价:10.0% 规模:4.867亿
    豪美转债（127053）价格:223.21 溢价:11.0% 规模:2.581亿
    华亚转债（127079）价格:213.7 溢价:13.5% 规模:3.106亿
    泰福转债（123160）价格:176.3 溢价:13.9% 规模:2.315亿
    优彩转债（127078）价格:168.09 溢价:14.4% 规模:4.159亿
  排除已公告强赎: 3 只
    ❌ 万顺转2（123085） - 已公告 2026-05-12 强赎 <span style="color:red; font-weight:bold;">!</span>
    ❌ 家联转债（123236） - 已公告 2026-05-22 强赎 <span style="color:red; font-weight:bold;">!</span>
    ❌ 恒帅转债（123256） - 已公告 2026-05-07 强赎 <span style="color:red; font-weight:bold;">!</span>
  剩余候选: 20 只
  最终通过: 5 只
    ✅ 电化转债（127109）比值:7.55x
    ✅ 瑞丰转债（123126）比值:3.33x
    ✅ 帝欧转债（127047）比值:2.51x
    ✅ 博瑞转债（118004）比值:2.27x
    ✅ 华特转债（118033）比值:1.76x

============================================================
## 📊 可转债策略播报
**2026-05-04 03:00**
**上周范围:** 2026-04-27 ~ 2026-05-03
**筛选条件:** 价格150~250 | 溢价&lt;15% | 规模&lt;10亿 | 周成交额比&gt;1.5 | 排除已公告强赎

### 🥇 电化转债（127109）
| 指标 | 值 |
|---|---|
| 现价 | **166.30元** |
| 溢价率 | 10.00% |
| 剩余规模 | 4.9亿 |
| 周成交额比 | **7.55x** |
| 上周成交额 | 27.3亿 |

**信号:**
- 近5日均量较前5日放大 7.9倍
- 今日成交量放大 7.7倍
- 正股已超出强赎触发价 1633.40元

**风险项:**
- ⚠️ 强赎计数 13/15，已过87%，接近触发

**操作建议:** 📈 资金动能强劲，重点关注

---

### 🥈 瑞丰转债（123126）
| 指标 | 值 |
|---|---|
| 现价 | **150.90元** |
| 溢价率 | -0.43% |
| 剩余规模 | 3.1亿 |
| 周成交额比 | **3.33x** |
| 上周成交额 | 50.1亿 |

**信号:**
- 近5日均量较前5日放大 2.2倍
- 正股已超出强赎触发价 1281.26元

**风险项:**
- 负溢价 -0.4%，溢价可能继续压缩或反转
- ⚠️ 强赎计数 12/15，已过80%，接近触发

**操作建议:** ⚠️ 负溢价，注意溢价收敛风险

---

### 🥉 帝欧转债（127047）
| 指标 | 值 |
|---|---|
| 现价 | **153.60元** |
| 溢价率 | -1.22% |
| 剩余规模 | 5.3亿 |
| 周成交额比 | **2.51x** |
| 上周成交额 | 14.6亿 |

**信号:**
- 近5日均量较前5日放大 3.6倍
- 近5日涨幅 10.7%
- 正股已超出强赎触发价 3005.13元

**风险项:**
- 负溢价 -1.2%，溢价可能继续压缩或反转
- ⚠️ 强赎计数 12/15，已过80%，接近触发

**操作建议:** ⚠️ 负溢价，注意溢价收敛风险

---

### 🥉 博瑞转债（118004）
| 指标 | 值 |
|---|---|
| 现价 | **180.46元** |
| 溢价率 | -0.65% |
| 剩余规模 | 3.0亿 |
| 周成交额比 | **2.27x** |
| 上周成交额 | 72.7亿 |

**信号:**
- 近5日均量较前5日放大 2.9倍
- 正股已超出强赎触发价 474.30元

**风险项:**
- 负溢价 -0.7%，溢价可能继续压缩或反转
- 剩余规模仅 3.0亿，易被炒作，波动剧烈

**操作建议:** ⚠️ 负溢价，注意溢价收敛风险

---

### 🥉 华特转债（118033）
| 指标 | 值 |
|---|---|
| 现价 | **229.23元** |
| 溢价率 | 0.74% |
| 剩余规模 | 6.0亿 |
| 周成交额比 | **1.76x** |
| 上周成交额 | 270.9亿 |

**信号:**
- 近5日均量较前5日放大 3.2倍
- 近5日涨幅 7.6%
- 正股已超出强赎触发价 169.44元

**风险项:**
- 价格偏高 229.2元，债底保护极弱，双低值230>240

**操作建议:** ⚠️ 价格偏高，建议回调后再考虑

---



🚫 **已排除（已公告强赎）: 3 只**
- 万顺转2（123085） - 已公告 2026-05-12 强赎 <span style="color:red; font-weight:bold;">!</span>
- 家联转债（123236） - 已公告 2026-05-22 强赎 <span style="color:red; font-weight:bold;">!</span>
- 恒帅转债（123256） - 已公告 2026-05-07 强赎 <span style="color:red; font-weight:bold;">!</span>


[DingTalk] 发送结果: {'errcode': 0, 'errmsg': 'ok'}
[Mon May  4 03:00:18 AM CST 2026] 执行完成
