[Mon Apr 27 03:00:01 AM CST 2026] 开始执行可转债策略
[2026-04-27 03:00] 可转债策略开始执行...
  上周: 2026-04-20 ~ 2026-04-26
  上上周: 2026-04-13 ~ 2026-04-19
  全量转债: 341 只
  第一层粗筛: 19 只
    华兴转债（118003）价格:185.51 溢价:-3.8% 规模:4.509亿
    万顺转2（123085）价格:156.0 溢价:-1.5% 规模:2.756亿
    盈峰转债（127024）价格:167.0 溢价:-1.1% 规模:9.489亿
    超达转债（123187）价格:222.5 溢价:-0.4% 规模:2.482亿
    华特转债（118033）价格:212.95 溢价:-0.3% 规模:6.123亿
    恒帅转债（123256）价格:195.7 溢价:-0.3% 规模:1.906亿
    博瑞转债（118004）价格:176.01 溢价:1.9% 规模:4.426亿
    翔丰转债（123225）价格:158.65 溢价:1.9% 规模:5.694亿
    严牌转债（123243）价格:212.9 溢价:4.8% 规模:3.041亿
    帝尔转债（123121）价格:158.0 溢价:5.6% 规模:8.292亿
    洪城转债（110077）价格:223.51 溢价:5.9% 规模:6.685亿
    冠中转债（123207）价格:197.4 溢价:6.0% 规模:1.83亿
    水羊转债（123188）价格:194.17 溢价:7.6% 规模:6.422亿
    利柏转债（111023）价格:153.17 溢价:8.2% 规模:7.496亿
    起帆转债（111000）价格:209.13 溢价:8.5% 规模:9.992亿
    洁美转债（128137）价格:189.8 溢价:9.2% 规模:5.909亿
    富春转债（111005）价格:167.84 溢价:11.7% 规模:5.298亿
    星球转债（118041）价格:162.93 溢价:12.2% 规模:6.198亿
    电化转债（127109）价格:160.27 溢价:14.1% 规模:4.867亿
  排除已公告强赎: 2 只
    ❌ 万顺转2（123085） - 已公告 2026-05-12 强赎 <span style="color:red; font-weight:bold;">!</span>
    ❌ 恒帅转债（123256） - 已公告 2026-05-07 强赎 <span style="color:red; font-weight:bold;">!</span>
  剩余候选: 17 只
  最终通过: 6 只
    ✅ 翔丰转债（123225）比值:23.04x
    ✅ 华特转债（118033）比值:12.07x
    ✅ 星球转债（118041）比值:9.42x
    ✅ 超达转债（123187）比值:3.06x
    ✅ 严牌转债（123243）比值:2.48x
    ✅ 华兴转债（118003）比值:1.60x

============================================================
## 📊 可转债策略播报
**2026-04-27 03:00**
**上周范围:** 2026-04-20 ~ 2026-04-26
**筛选条件:** 价格150~250 | 溢价&lt;15% | 规模&lt;10亿 | 周成交额比&gt;1.5 | 排除已公告强赎

### 🥇 翔丰转债（123225）
| 指标 | 值 |
|---|---|
| 现价 | **158.65元** |
| 溢价率 | 1.95% |
| 剩余规模 | 5.7亿 |
| 周成交额比 | **23.04x** |
| 上周成交额 | 65.1亿 |

**信号:**
- 近5日均量较前5日放大 23.0倍
- 近5日涨幅 7.1%
- 今日成交量放大 28.3倍
- 正股已超出强赎触发价 542.50元

**风险项:** 无明显风险

**操作建议:** 📈 资金动能强劲，重点关注

---

### 🥈 华特转债（118033）
| 指标 | 值 |
|---|---|
| 现价 | **212.95元** |
| 溢价率 | -0.33% |
| 剩余规模 | 6.1亿 |
| 周成交额比 | **12.07x** |
| 上周成交额 | 153.6亿 |

**信号:**
- 近5日均量较前5日放大 12.1倍
- 今日成交量放大 20.9倍
- 正股已超出强赎触发价 149.77元

**风险项:**
- 负溢价 -0.3%，溢价可能继续压缩或反转
- 价格偏高 213.0元，双低值213
- 近5日涨幅 38.6%，短期可能回调

**操作建议:** ⚠️ 负溢价，注意溢价收敛风险

---

### 🥉 星球转债（118041）
| 指标 | 值 |
|---|---|
| 现价 | **162.93元** |
| 溢价率 | 12.21% |
| 剩余规模 | 6.2亿 |
| 周成交额比 | **9.42x** |
| 上周成交额 | 21.0亿 |

**信号:**
- 近5日均量较前5日放大 9.4倍
- 近5日涨幅 6.8%
- 今日成交量放大 42.8倍
- 正股已超出强赎触发价 674.03元

**风险项:**
- 溢价率偏高 12.2%，正股上涨传导效率低

**操作建议:** 📈 资金动能强劲，重点关注

---

### 🥉 超达转债（123187）
| 指标 | 值 |
|---|---|
| 现价 | **222.50元** |
| 溢价率 | -0.42% |
| 剩余规模 | 2.5亿 |
| 周成交额比 | **3.06x** |
| 上周成交额 | 52.6亿 |

**信号:**
- 近5日均量较前5日放大 3.1倍
- 正股已超出强赎触发价 677.93元

**风险项:**
- 负溢价 -0.4%，溢价可能继续压缩或反转
- 价格偏高 222.5元，债底保护极弱，双低值222>240
- 剩余规模仅 2.5亿，易被炒作，波动剧烈
- ⚠️ 强赎计数 11/15，已过73%，接近触发

**操作建议:** ⚠️ 价格偏高，建议回调后再考虑

---

### 🥉 严牌转债（123243）
| 指标 | 值 |
|---|---|
| 现价 | **212.90元** |
| 溢价率 | 4.79% |
| 剩余规模 | 3.0亿 |
| 周成交额比 | **2.48x** |
| 上周成交额 | 20.5亿 |

**信号:**
- 近5日均量较前5日放大 2.5倍
- 正股已超出强赎触发价 2919.02元

**风险项:**
- 价格偏高 212.9元，双低值218
- 🔒 公司宣布暂不强赎，2026-05-04重新计数

**操作建议:** ✅ 条件均衡，择机关注

---

### 📌 华兴转债（118003）
| 指标 | 值 |
|---|---|
| 现价 | **185.51元** |
| 溢价率 | -3.77% |
| 剩余规模 | 4.5亿 |
| 周成交额比 | **1.60x** |
| 上周成交额 | 64.0亿 |

**信号:**
- 近5日涨幅 9.7%
- 正股已超出强赎触发价 673.44元

**风险项:**
- 负溢价 -3.8%，溢价可能继续压缩或反转

**操作建议:** ⚠️ 负溢价，注意溢价收敛风险

---



🚫 **已排除（已公告强赎）: 2 只**
- 万顺转2（123085） - 已公告 2026-05-12 强赎 <span style="color:red; font-weight:bold;">!</span>
- 恒帅转债（123256） - 已公告 2026-05-07 强赎 <span style="color:red; font-weight:bold;">!</span>


[DingTalk] 发送结果: {'errcode': 0, 'errmsg': 'ok'}
[Mon Apr 27 03:00:14 AM CST 2026] 执行完成
