[Tue Apr 28 10:30:02 AM CST 2026] 开始执行不强赎双策略...
[2026-04-28 10:30] B型不强赎博弈策略开始...
  全量: 340 只
  命中: 超达转债(123187) (12, 15) 溢价:-0.05%
  命中: 华特转债(118033) (5, 15) 溢价:-0.04%
  命中: 盈峰转债(127024) (12, 15) 溢价:0.4%
  命中: 瑞丰转债(123126) (11, 15) 溢价:1.77%
  最终: 4 只

============================================================
## B型不强赎博弈策略
**执行时间:** 2026-04-28 10:30
**策略逻辑:** X/Y强赎计数 + 溢价<2% + 正股超触发价

## 两债对比
| 维度 | 超达转债 | 盈峰转债 |
|---|---|---|
| 风险等级 | 12/15 | 12/15 |
| 现价 | 212.62元 | 182.74元 |
| 溢价率 | -0.05% | 0.4% |
| 正股超触发 | 63.6% | 40.0% |
| 剩余规模 | 2.27亿 ✅ | 9.05亿 |
| 剩余年限 | 2.94年 ⚠️ | 0.52年 🔴 |
| 已转股比例 | 51.54% 🟡 | 38.71% 🟡 |
| 股东配售率 | 89.64% 🔴极高 | 63.71% 🟡 |
| 正股ROE | 8.630% ✅ | 3.160% ✅ |
| 主体评级 | A 🔴 | AA+ 🔴 |
| 博弈价值 | ⭐⭐⭐⭐ | ⭐⭐⭐ |

**博弈逻辑:**
- **超达转债:** 正股超触发63.6%，股东配售率89.64%，大股东有充足动力拉升+不强赎
- **盈峰转债:** 正股超触发40.0%，股东配售率63.71%，大股东有充足动力拉升+不强赎


[DingTalk] {'errcode': 0, 'errmsg': 'ok'}
[Tue Apr 28 10:30:11 AM CST 2026] 执行完成
