[Wed Apr 29 10:58:13 AM CST 2026] 开始执行不强赎双策略...
[2026-04-29 10:58] B型不强赎博弈策略开始...
  全量: 340 只
  命中: 帝欧转债(127047) (10, 15) 溢价:-0.4%
  命中: 盈峰转债(127024) (13, 15) 溢价:1.04%
  命中: 超达转债(123187) (13, 15) 溢价:1.12%
  命中: 瑞丰转债(123126) (11, 15) 溢价:1.33%
  命中: 星球转债(118041) (3, 15) 溢价:1.35%
  最终: 5 只

============================================================
## B型不强赎博弈策略
**执行时间:** 2026-04-29 10:58
**策略逻辑:** X/Y强赎计数 + 溢价<2% + 正股超触发价

## 两债对比
| 维度 | 盈峰转债 | 超达转债 |
|---|---|---|
| 风险等级 | 13/15 | 13/15 |
| 现价 | 192.33元 | 210.53元 |
| 溢价率 | 1.04% | 1.12% |
| 正股超触发 | 46.4% | 60.1% |
| 剩余规模 | 9.03亿 | 2.24亿 ✅ |
| 剩余年限 | 0.52年 🔴 | 2.93年 ⚠️ |
| 已转股比例 | 38.83% 🟡 | 52.15% 🟡 |
| 股东配售率 | 63.71% 🟡 | 89.64% 🔴极高 |
| 正股ROE | 3.160% ✅ | 8.630% ✅ |
| 主体评级 | AA+ 🔴 | A 🔴 |
| 博弈价值 | ⭐⭐⭐ | ⭐⭐⭐⭐ |

**博弈逻辑:**
- **盈峰转债:** 计数13/15，随时可能公告→停牌风险高；若宣布不强赎→溢价修复空间大
- **超达转债:** 计数13/15，随时可能公告→停牌风险高；若宣布不强赎→溢价修复空间大


[DingTalk] {'errcode': 0, 'errmsg': 'ok'}
[Wed Apr 29 10:58:17 AM CST 2026] 执行完成
