[Thu Apr 23 01:00:01 AM CST 2026] 开始执行不强赎双策略...
[2026-04-23 01:00] B型不强赎博弈策略开始...
  全量: 342 只
  命中: 超达转债(123187) (9, 15) 溢价:0.13%
  命中: 盈峰转债(127024) (9, 15) 溢价:0.36%
  最终: 2 只

============================================================
## B型不强赎博弈策略
**执行时间:** 2026-04-23 01:00
**策略逻辑:** X/Y强赎计数 + 溢价<2% + 正股超触发价

## 两债对比
| 维度 | 超达转债 | 盈峰转债 |
|---|---|---|
| 风险等级 | 9/15 | 9/15 |
| 现价 | 252.05元 | 178.6元 |
| 溢价率 | 0.13% | 0.36% |
| 正股超触发 | 93.6% | 36.9% |
| 剩余规模 | 2.57亿 ✅ | 9.8亿 |
| 剩余年限 | 2.95年 ⚠️ | 0.54年 🔴 |
| 已转股比例 | 45.14% 🟡 | 33.63% 🟡 |
| 股东配售率 | 89.64% 🔴极高 | 63.71% 🟡 |
| 正股ROE | 7.520% ✅ | 2.940% ✅ |
| 主体评级 | A 🔴 | AA+ 🔴 |
| 博弈价值 | ⭐⭐⭐⭐⭐ | ⭐⭐⭐⭐ |

**博弈逻辑:**
- **超达转债:** 正股超触发93.6%，股东配售率89.64%，大股东有充足动力拉升+不强赎
- **盈峰转债:** 正股超触发36.9%，股东配售率63.71%，大股东有充足动力拉升+不强赎


[DingTalk] {'errcode': 0, 'errmsg': 'ok'}
[Thu Apr 23 01:00:05 AM CST 2026] 执行完成
