[Wed Apr 22 02:20:58 PM CST 2026] 开始执行不强赎双策略...
[2026-04-22 14:20] B型不强赎博弈策略开始...
  全量: 343 只
  命中: 盈峰转债(127024) (8, 15) 溢价:-0.19%
  命中: 超达转债(123187) (8, 15) 溢价:0.9%
  最终: 2 只

============================================================
## B型不强赎博弈策略
**执行时间:** 2026-04-22 14:20
**策略逻辑:** X/Y强赎计数 + 溢价<2% + 正股超触发价

## 两债对比
| 维度 | 盈峰转债 | 超达转债 |
|---|---|---|
| 风险等级 | 8/15 | 8/15 |
| 现价 | 175.54元 | 252.0元 |
| 溢价率 | -0.19% | 0.9% |
| 正股超触发 | 35.3% | 92.1% |
| 剩余规模 | 9.8亿 | 2.57亿 ✅ |
| 剩余年限 | 0.54年 🔴 | 2.95年 ⚠️ |
| 已转股比例 | 33.63% 🟡 | 45.14% 🟡 |
| 股东配售率 | 63.71% 🟡 | 89.64% 🔴极高 |
| 正股ROE | 2.940% ✅ | 7.520% ✅ |
| 主体评级 | AA+ 🔴 | A 🔴 |
| 博弈价值 | ⭐⭐⭐⭐ | ⭐⭐⭐⭐⭐ |

**博弈逻辑:**
- **盈峰转债:** 正股超触发35.3%，股东配售率63.71%，大股东有充足动力拉升+不强赎
- **超达转债:** 正股超触发92.1%，股东配售率89.64%，大股东有充足动力拉升+不强赎


[DingTalk] {'errcode': 0, 'errmsg': 'ok'}
[Wed Apr 22 02:21:04 PM CST 2026] 执行完成
