[Mon Apr 27 10:30:01 AM CST 2026] 开始执行不强赎双策略...
[2026-04-27 10:30] B型不强赎博弈策略开始...
  全量: 341 只
  命中: 盈峰转债(127024) (11, 15) 溢价:-0.14%
  命中: 超达转债(123187) (11, 15) 溢价:0.0%
  命中: 华特转债(118033) (4, 15) 溢价:1.25%
  命中: 瑞丰转债(123126) (11, 15) 溢价:1.28%
  最终: 4 只

============================================================
## B型不强赎博弈策略
**执行时间:** 2026-04-27 10:30
**策略逻辑:** X/Y强赎计数 + 溢价<2% + 正股超触发价

## 两债对比
| 维度 | 盈峰转债 | 超达转债 |
|---|---|---|
| 风险等级 | 11/15 | 11/15 |
| 现价 | 164.7元 | 205.2元 |
| 溢价率 | -0.14% | 0.0% |
| 正股超触发 | 26.9% | 57.8% |
| 剩余规模 | 9.05亿 | 2.28亿 ✅ |
| 剩余年限 | 0.52年 🔴 | 2.94年 ⚠️ |
| 已转股比例 | 38.7% 🟡 | 51.36% 🟡 |
| 股东配售率 | 63.71% 🟡 | 89.64% 🔴极高 |
| 正股ROE | 2.940% ✅ | 8.630% ✅ |
| 主体评级 | AA+ 🔴 | A 🔴 |
| 博弈价值 | ⭐⭐⭐ | ⭐⭐⭐⭐ |

**博弈逻辑:**
- **盈峰转债:** 正股超触发26.9%，股东配售率63.71%，大股东有充足动力拉升+不强赎
- **超达转债:** 正股超触发57.8%，股东配售率89.64%，大股东有充足动力拉升+不强赎


[DingTalk] {'errcode': 0, 'errmsg': 'ok'}
[Mon Apr 27 10:30:10 AM CST 2026] 执行完成
