[Mon Apr 27 04:00:01 PM CST 2026] 开始执行不强赎双策略...
[2026-04-27 16:00] B型不强赎博弈策略开始...
  全量: 341 只
  命中: 华特转债(118033) (5, 15) 溢价:-0.4%
  命中: 盈峰转债(127024) (12, 15) 溢价:0.38%
  命中: 超达转债(123187) (12, 15) 溢价:0.6%
  最终: 3 只

============================================================
## B型不强赎博弈策略
**执行时间:** 2026-04-27 16:00
**策略逻辑:** X/Y强赎计数 + 溢价<2% + 正股超触发价

## 两债对比
| 维度 | 盈峰转债 | 超达转债 |
|---|---|---|
| 风险等级 | 12/15 | 12/15 |
| 现价 | 168.7元 | 211.08元 |
| 溢价率 | 0.38% | 0.6% |
| 正股超触发 | 29.3% | 61.4% |
| 剩余规模 | 9.05亿 | 2.28亿 ✅ |
| 剩余年限 | 0.52年 🔴 | 2.94年 ⚠️ |
| 已转股比例 | 38.7% 🟡 | 51.36% 🟡 |
| 股东配售率 | 63.71% 🟡 | 89.64% 🔴极高 |
| 正股ROE | 2.940% ✅ | 8.630% ✅ |
| 主体评级 | AA+ 🔴 | A 🔴 |
| 博弈价值 | ⭐⭐⭐ | ⭐⭐⭐⭐ |

**博弈逻辑:**
- **盈峰转债:** 正股超触发29.3%，股东配售率63.71%，大股东有充足动力拉升+不强赎
- **超达转债:** 正股超触发61.4%，股东配售率89.64%，大股东有充足动力拉升+不强赎


[DingTalk] {'errcode': 0, 'errmsg': 'ok'}
[Mon Apr 27 04:00:05 PM CST 2026] 执行完成
