[Wed May  6 04:00:01 PM CST 2026] 开始执行不强赎双策略...
[2026-05-06 16:00] B型不强赎博弈策略开始...
  全量: 338 只
  命中: 帝欧转债(127047) (13, 15) 溢价:-0.93%
  命中: 华特转债(118033) (9, 15) 溢价:-0.77%
  命中: 翔丰转债(123225) (8, 15) 溢价:0.51%
  命中: 严牌转债(123243) (1, 15) 溢价:1.09%
  命中: 瑞丰转债(123126) (13, 15) 溢价:1.36%
  命中: 星球转债(118041) (6, 15) 溢价:1.41%
  最终: 6 只

============================================================
## B型不强赎博弈策略
**执行时间:** 2026-05-06 16:00
**策略逻辑:** X/Y强赎计数 + 溢价<2% + 正股超触发价

## 两债对比
| 维度 | 帝欧转债 | 瑞丰转债 |
|---|---|---|
| 风险等级 | 13/15 | 13/15 |
| 现价 | 158.31元 | 156.65元 |
| 溢价率 | -0.93% | 1.36% |
| 正股超触发 | 22.9% | 18.9% |
| 剩余规模 | 4.97亿 🟡 | 3.12亿 🟡 |
| 剩余年限 | 1.47年 🔴 | 1.35年 🔴 |
| 已转股比例 | 66.89% | 8.29% 🔴极低 |
| 股东配售率 | 49.88% | 63.67% 🟡 |
| 正股ROE | -33.310% 🔴 | 2.660% ✅ |
| 主体评级 | A- 🔴 | A 🔴 |
| 博弈价值 | ⭐⭐ | ⭐⭐⭐ |

**博弈逻辑:**
- **帝欧转债:** 计数13/15，随时可能公告→停牌风险高；若宣布不强赎→溢价修复空间大
- **瑞丰转债:** 计数13/15，随时可能公告→停牌风险高；若宣布不强赎→溢价修复空间大


[DingTalk] {'errcode': 0, 'errmsg': 'ok'}
[Wed May  6 04:00:06 PM CST 2026] 执行完成
