[Tue Apr 28 02:00:01 PM CST 2026] 开始执行不强赎双策略...
[2026-04-28 14:00] B型不强赎博弈策略开始...
  全量: 340 只
  命中: 超达转债(123187) (12, 15) 溢价:-0.42%
  命中: 瑞丰转债(123126) (11, 15) 溢价:0.11%
  命中: 华特转债(118033) (5, 15) 溢价:0.76%
  最终: 3 只

============================================================
## B型不强赎博弈策略
**执行时间:** 2026-04-28 14:00
**策略逻辑:** X/Y强赎计数 + 溢价<2% + 正股超触发价

## 两债对比
| 维度 | 超达转债 | 瑞丰转债 |
|---|---|---|
| 风险等级 | 12/15 | 11/15 |
| 现价 | 204.5元 | 168.4元 |
| 溢价率 | -0.42% | 0.11% |
| 正股超触发 | 58.0% | 29.4% |
| 剩余规模 | 2.27亿 ✅ | 3.32亿 🟡 |
| 剩余年限 | 2.94年 ⚠️ | 1.37年 🔴 |
| 已转股比例 | 51.54% 🟡 | 2.26% 🔴极低 |
| 股东配售率 | 89.64% 🔴极高 | 63.67% 🟡 |
| 正股ROE | 8.630% ✅ | 2.660% ✅ |
| 主体评级 | A 🔴 | A 🔴 |
| 博弈价值 | ⭐⭐⭐⭐ | ⭐⭐⭐ |

**博弈逻辑:**
- **超达转债:** 正股超触发58.0%，股东配售率89.64%，大股东有充足动力拉升+不强赎
- **瑞丰转债:** 正股超触发29.4%，股东配售率63.67%，大股东有充足动力拉升+不强赎


[DingTalk] {'errcode': 0, 'errmsg': 'ok'}
[Tue Apr 28 02:00:21 PM CST 2026] 执行完成
