[Thu Apr 23 12:00:01 PM CST 2026] 开始执行不强赎双策略...
[2026-04-23 12:00] B型不强赎博弈策略开始...
  全量: 342 只
  命中: 盈峰转债(127024) (9, 15) 溢价:0.18%
  命中: 超达转债(123187) (9, 15) 溢价:0.69%
  命中: 翔丰转债(123225) (1, 15) 溢价:0.96%
  最终: 3 只

============================================================
## B型不强赎博弈策略
**执行时间:** 2026-04-23 12:00
**策略逻辑:** X/Y强赎计数 + 溢价<2% + 正股超触发价

## 两债对比
| 维度 | 盈峰转债 | 超达转债 |
|---|---|---|
| 风险等级 | 9/15 | 9/15 |
| 现价 | 175.55元 | 243.76元 |
| 溢价率 | 0.18% | 0.69% |
| 正股超触发 | 34.8% | 86.2% |
| 剩余规模 | 9.49亿 | 2.57亿 ✅ |
| 剩余年限 | 0.53年 🔴 | 2.95年 ⚠️ |
| 已转股比例 | 35.72% 🟡 | 45.14% 🟡 |
| 股东配售率 | 63.71% 🟡 | 89.64% 🔴极高 |
| 正股ROE | 2.940% ✅ | 7.520% ✅ |
| 主体评级 | AA+ 🔴 | A 🔴 |
| 博弈价值 | ⭐⭐⭐⭐ | ⭐⭐⭐⭐⭐ |

**博弈逻辑:**
- **盈峰转债:** 正股超触发34.8%，股东配售率63.71%，大股东有充足动力拉升+不强赎
- **超达转债:** 正股超触发86.2%，股东配售率89.64%，大股东有充足动力拉升+不强赎


[DingTalk] {'errcode': 0, 'errmsg': 'ok'}
[Thu Apr 23 12:00:11 PM CST 2026] 执行完成
