[Fri Apr 24 12:00:01 PM CST 2026] 开始执行不强赎双策略...
[2026-04-24 12:00] B型不强赎博弈策略开始...
  全量: 341 只
  命中: 超达转债(123187) (10, 15) 溢价:-1.65%
  命中: 华特转债(118033) (3, 15) 溢价:-1.4%
  命中: 翔丰转债(123225) (2, 15) 溢价:0.63%
  命中: 盈峰转债(127024) (10, 15) 溢价:1.22%
  命中: 博瑞转债(118004) (13, 15) 溢价:1.41%
  最终: 5 只

============================================================
## B型不强赎博弈策略
**执行时间:** 2026-04-24 12:00
**策略逻辑:** X/Y强赎计数 + 溢价<2% + 正股超触发价

## 两债对比
| 维度 | 博瑞转债 | 超达转债 |
|---|---|---|
| 风险等级 | 13/15 | 10/15 |
| 现价 | 172.69元 | 219.64元 |
| 溢价率 | 1.41% | -1.65% |
| 正股超触发 | 31.0% | 71.8% |
| 剩余规模 | 4.43亿 🟡 | 2.48亿 ✅ |
| 剩余年限 | 1.7年 🔴 | 2.95年 ⚠️ |
| 已转股比例 | 4.82% 🔴极低 | 47.08% 🟡 |
| 股东配售率 | 55.74% 🟡 | 89.64% 🔴极高 |
| 正股ROE | 2.170% ✅ | 7.520% ✅ |
| 主体评级 | AA- 🔴 | A 🔴 |
| 博弈价值 | ⭐⭐⭐ | ⭐⭐⭐⭐ |

**博弈逻辑:**
- **博瑞转债:** 计数13/15，随时可能公告→停牌风险高；若宣布不强赎→溢价修复空间大
- **超达转债:** 正股超触发71.8%，股东配售率89.64%，大股东有充足动力拉升+不强赎


[DingTalk] {'errcode': 0, 'errmsg': 'ok'}
[Fri Apr 24 12:00:08 PM CST 2026] 执行完成
