[Wed Apr 29 10:00:01 AM CST 2026] 开始执行不强赎双策略...
[2026-04-29 10:00] B型不强赎博弈策略开始...
  全量: 340 只
  命中: 帝欧转债(127047) (10, 15) 溢价:-0.48%
  命中: 超达转债(123187) (13, 15) 溢价:-0.4%
  命中: 瑞丰转债(123126) (11, 15) 溢价:0.01%
  命中: 盈峰转债(127024) (13, 15) 溢价:1.0%
  命中: 星球转债(118041) (3, 15) 溢价:1.55%
  最终: 5 只

============================================================
## B型不强赎博弈策略
**执行时间:** 2026-04-29 10:00
**策略逻辑:** X/Y强赎计数 + 溢价<2% + 正股超触发价

## 两债对比
| 维度 | 超达转债 | 盈峰转债 |
|---|---|---|
| 风险等级 | 13/15 | 13/15 |
| 现价 | 205.8元 | 187.12元 |
| 溢价率 | -0.4% | 1.0% |
| 正股超触发 | 58.9% | 42.5% |
| 剩余规模 | 2.24亿 ✅ | 9.03亿 |
| 剩余年限 | 2.93年 ⚠️ | 0.52年 🔴 |
| 已转股比例 | 52.15% 🟡 | 38.83% 🟡 |
| 股东配售率 | 89.64% 🔴极高 | 63.71% 🟡 |
| 正股ROE | 8.630% ✅ | 3.160% ✅ |
| 主体评级 | A 🔴 | AA+ 🔴 |
| 博弈价值 | ⭐⭐⭐⭐ | ⭐⭐⭐ |

**博弈逻辑:**
- **超达转债:** 计数13/15，随时可能公告→停牌风险高；若宣布不强赎→溢价修复空间大
- **盈峰转债:** 计数13/15，随时可能公告→停牌风险高；若宣布不强赎→溢价修复空间大


[DingTalk] {'errcode': 0, 'errmsg': 'ok'}
[Wed Apr 29 10:00:12 AM CST 2026] 执行完成
