[Wed Apr 22 01:00:01 AM CST 2026] 开始执行不强赎双策略...
[2026-04-22 01:00] B型不强赎博弈策略开始...
  全量: 343 只
  命中: 超达转债(123187) (8, 15) 溢价:-2.2%
  排除 恒帅转债(123256) - 已公告强赎
  排除 金宏转债(118038) - 已公告强赎
  排除 美诺转债(113618) - 已公告强赎
  排除 汇成转债(118049) - 已公告强赎
  命中: 华兴转债(118003) (14, 15) 溢价:1.45%
  最终: 2 只

============================================================
## B型不强赎博弈策略
**执行时间:** 2026-04-22 01:00
**策略逻辑:** 接近强赎触发(X/Y计数) + 溢价&lt;2% + 正股超触发价

### 标的对比总表

| 债券 | 现价 | 溢价 | 计数 | 超触发 | 剩余年限 | 规模 | 已转股 | ROE | 主体评级 | 股东配售率 |
|---|---|---|---|---|---|---|---|---|---|---|
|🔴14/15华兴转债|170.78|1.45%|14/15|29.5%|1.61年|6.27亿|21.6%|-13.640%|AA|71.0%|
|8/15超达转债|246.07|-2.2%|8/15|93.5%|2.96年|2.65亿|43.4%|7.520%|A|89.6%|

---

### 🥇 华兴转债（118003）
🔴 **【极高风险】14/15！随时公告，公告后停牌丧失流动性**

| 指标 | 值 | 备注 |
|---|---|---|
| 现价 | **170.78元** | 今日涨幅1.0% |
| 溢价率 | **1.45%** | |
| 强赎计数 | **14/15** | 触发需再满足1天 |
| 正股超触发 | **29.5%** | |
| 转股价格 | 26.22元 | |
| 强赎触发价 | 34.086元 | |
| 正股现价 | 44.14元 | |
| 已转股比例 | 21.6% | 剩余6.27亿/原始8.0亿 |
| 剩余规模 | 6.27亿 | |
| 剩余年限 | 1.61年 | |
| 到期赎回价 | 110.0元 | |
| 股东配售率 | 71.0% | |
| 主体/债评级 | AA/AA | |
| 正股ROE | -13.640% | |
| 正股PB | 5.563倍 | |
| 正股PE | 62.967倍 | |
| 地域 | - | |

**风险提示:**
- 正股ROE为负值(-13.640%)，公司亏损
- 剩余期限不足1.6年，时间窗口紧迫
- 已转股比例仅21.6%，大量未转股压力大

**博弈逻辑:**
- 正股已超触发价29.5%，大股东账面积累丰厚
- 股东配售率71.0%，公司有强烈意愿维持股价
- 计数14/15，公司随时可能公告强赎或不强赎
- 宣布不强赎→溢价向合理区间修复→持有者受益
- 宣布强赎→停牌→流动性丧失

---

### 🥈 超达转债（123187）
| 指标 | 值 | 备注 |
|---|---|---|
| 现价 | **246.07元** | 今日涨幅3.79% |
| 溢价率 | **-2.2%** | |
| 强赎计数 | **8/15** | 触发需再满足7天 |
| 正股超触发 | **93.5%** | |
| 转股价格 | 30.98元 | |
| 强赎触发价 | 40.274元 | |
| 正股现价 | 77.95元 | |
| 已转股比例 | 43.4% | 剩余2.65亿/原始4.69亿 |
| 剩余规模 | 2.65亿 | |
| 剩余年限 | 2.96年 | |
| 到期赎回价 | 115.0元 | |
| 股东配售率 | 89.6% | |
| 主体/债评级 | A/A | |
| 正股ROE | 7.520% | |
| 正股PB | 3.916倍 | |
| 正股PE | 49.904倍 | |
| 地域 | - | |

**风险提示:**
- 溢价负值(-2.2%)，存在溢价收敛风险

**博弈逻辑:**
- 正股已超触发价93.5%，大股东账面积累丰厚
- 股东配售率89.6%，公司有强烈意愿维持股价
- 公司可选择暂不强赎，等待更好时机

---



[DingTalk] {'errcode': 0, 'errmsg': 'ok'}
[Wed Apr 22 01:00:07 AM CST 2026] 执行完成
