[Thu Apr 30 03:00:01 PM CST 2026] 开始执行不强赎双策略...
[2026-04-30 15:00] B型不强赎博弈策略开始...
  全量: 339 只
  命中: 瑞丰转债(123126) (11, 15) 溢价:-0.46%
  命中: 星球转债(118041) (4, 15) 溢价:-0.28%
  命中: 帝欧转债(127047) (11, 15) 溢价:-0.07%
  命中: 盈峰转债(127024) (14, 15) 溢价:0.09%
  命中: 华特转债(118033) (7, 15) 溢价:0.8%
  命中: 翔丰转债(123225) (6, 15) 溢价:1.52%
  命中: 超达转债(123187) (14, 15) 溢价:1.85%
  最终: 7 只

============================================================
## B型不强赎博弈策略
**执行时间:** 2026-04-30 15:00
**策略逻辑:** X/Y强赎计数 + 溢价<2% + 正股超触发价

## 两债对比
| 维度 | 盈峰转债 | 超达转债 |
|---|---|---|
| 风险等级 | 14/15 🔴极高风险 | 14/15 |
| 现价 | 176.82元 | 218.5元 |
| 溢价率 | 0.09% | 1.85% |
| 正股超触发 | 35.9% | 65.0% |
| 剩余规模 | 9.03亿 | 2.24亿 ✅ |
| 剩余年限 | 0.52年 🔴 | 2.93年 ⚠️ |
| 已转股比例 | 38.84% 🟡 | 52.2% 🟡 |
| 股东配售率 | 63.71% 🟡 | 89.64% 🔴极高 |
| 正股ROE | 3.160% ✅ | 8.630% ✅ |
| 主体评级 | AA+ 🔴 | A 🔴 |
| 博弈价值 | ⭐⭐⭐ | ⭐⭐⭐⭐ |

**博弈逻辑:**
- **盈峰转债:** 计数14/15，随时可能公告→停牌风险高；若宣布不强赎→溢价修复空间大
- **超达转债:** 计数14/15，随时可能公告→停牌风险高；若宣布不强赎→溢价修复空间大


[DingTalk] {'errcode': 0, 'errmsg': 'ok'}
[Thu Apr 30 03:00:10 PM CST 2026] 执行完成
