[Fri Apr 24 10:30:01 AM CST 2026] 开始执行不强赎双策略...
[2026-04-24 10:30] B型不强赎博弈策略开始...
  全量: 341 只
  命中: 华特转债(118033) (3, 15) 溢价:-1.26%
  命中: 超达转债(123187) (10, 15) 溢价:-0.63%
  命中: 翔丰转债(123225) (2, 15) 溢价:0.68%
  命中: 盈峰转债(127024) (10, 15) 溢价:1.85%
  最终: 4 只

============================================================
## B型不强赎博弈策略
**执行时间:** 2026-04-24 10:30
**策略逻辑:** X/Y强赎计数 + 溢价<2% + 正股超触发价

## 两债对比
| 维度 | 超达转债 | 盈峰转债 |
|---|---|---|
| 风险等级 | 10/15 | 10/15 |
| 现价 | 225.69元 | 171.7元 |
| 溢价率 | -0.63% | 1.85% |
| 正股超触发 | 74.7% | 29.7% |
| 剩余规模 | 2.48亿 ✅ | 9.49亿 |
| 剩余年限 | 2.95年 ⚠️ | 0.53年 🔴 |
| 已转股比例 | 47.08% 🟡 | 35.72% 🟡 |
| 股东配售率 | 89.64% 🔴极高 | 63.71% 🟡 |
| 正股ROE | 7.520% ✅ | 2.940% ✅ |
| 主体评级 | A 🔴 | AA+ 🔴 |
| 博弈价值 | ⭐⭐⭐⭐ | ⭐⭐⭐ |

**博弈逻辑:**
- **超达转债:** 正股超触发74.7%，股东配售率89.64%，大股东有充足动力拉升+不强赎
- **盈峰转债:** 正股超触发29.7%，股东配售率63.71%，大股东有充足动力拉升+不强赎


[DingTalk] {'errcode': 0, 'errmsg': 'ok'}
[Fri Apr 24 10:30:16 AM CST 2026] 执行完成
